[    0.000000] Initializing cgroup subsys cpuset
[    0.000000] Initializing cgroup subsys cpu
[    0.000000] Initializing cgroup subsys cpuacct
[    0.000000] Linux version 4.4.0-146-generic (buildd@lcy01-amd64-025) (gcc version 5.4.0 20160609 (Ubuntu 5.4.0-6ubuntu1~16.04.10) ) #172-Ubuntu SMP Wed Apr 3 09:00:08 UTC 2019 (Ubuntu 4.4.0-146.172-generic 4.4.177)
[    0.000000] Command line: BOOT_IMAGE=/boot/vmlinuz-4.4.0-146-generic root=LABEL=cloudimg-rootfs ro console=tty1 console=ttyS0
[    0.000000] KERNEL supported cpus:
[    0.000000]   Intel GenuineIntel
[    0.000000]   AMD AuthenticAMD
[    0.000000]   Centaur CentaurHauls
[    0.000000] [Firmware Bug]: TSC doesn't count with P0 frequency!
[    0.000000] x86/fpu: xstate_offset[2]:  576, xstate_sizes[2]:  256
[    0.000000] x86/fpu: Supporting XSAVE feature 0x01: 'x87 floating point registers'
[    0.000000] x86/fpu: Supporting XSAVE feature 0x02: 'SSE registers'
[    0.000000] x86/fpu: Supporting XSAVE feature 0x04: 'AVX registers'
[    0.000000] x86/fpu: Enabled xstate features 0x7, context size is 832 bytes, using 'standard' format.
[    0.000000] e820: BIOS-provided physical RAM map:
[    0.000000] BIOS-e820: [mem 0x0000000000000000-0x000000000009fbff] usable
[    0.000000] BIOS-e820: [mem 0x000000000009fc00-0x000000000009ffff] reserved
[    0.000000] BIOS-e820: [mem 0x00000000000f0000-0x00000000000fffff] reserved
[    0.000000] BIOS-e820: [mem 0x0000000000100000-0x000000001ffeffff] usable
[    0.000000] BIOS-e820: [mem 0x000000001fff0000-0x000000001fffffff] ACPI data
[    0.000000] BIOS-e820: [mem 0x00000000fec00000-0x00000000fec00fff] reserved
[    0.000000] BIOS-e820: [mem 0x00000000fee00000-0x00000000fee00fff] reserved
[    0.000000] BIOS-e820: [mem 0x00000000fffc0000-0x00000000ffffffff] reserved
[    0.000000] NX (Execute Disable) protection: active
[    0.000000] SMBIOS 2.5 present.
[    0.000000] Hypervisor detected: KVM
[    0.000000] Kernel/User page tables isolation: disabled
[    0.000000] e820: last_pfn = 0x1fff0 max_arch_pfn = 0x400000000
[    0.000000] MTRR: Disabled
[    0.000000] x86/PAT: MTRRs disabled, skipping PAT initialization too.
[    0.000000] CPU MTRRs all blank - virtualized system.
[    0.000000] x86/PAT: Configuration [0-7]: WB  WT  UC- UC  WB  WT  UC- UC  
[    0.000000] found SMP MP-table at [mem 0x0009fff0-0x0009ffff] mapped at [ffff88000009fff0]
[    0.000000] Scanning 1 areas for low memory corruption
[    0.000000] RAMDISK: [mem 0x1e8d8000-0x1f751fff]
[    0.000000] ACPI: Early table checksum verification disabled
[    0.000000] ACPI: RSDP 0x00000000000E0000 000024 (v02 VBOX  )
[    0.000000] ACPI: XSDT 0x000000001FFF0030 00003C (v01 VBOX   VBOXXSDT 00000001 ASL  00000061)
[    0.000000] ACPI: FACP 0x000000001FFF00F0 0000F4 (v04 VBOX   VBOXFACP 00000001 ASL  00000061)
[    0.000000] ACPI: DSDT 0x000000001FFF0470 0022EA (v02 VBOX   VBOXBIOS 00000002 INTL 20180105)
[    0.000000] ACPI: FACS 0x000000001FFF0200 000040
[    0.000000] ACPI: FACS 0x000000001FFF0200 000040
[    0.000000] ACPI: APIC 0x000000001FFF0240 00005C (v02 VBOX   VBOXAPIC 00000001 ASL  00000061)
[    0.000000] ACPI: SSDT 0x000000001FFF02A0 0001CC (v01 VBOX   VBOXCPUT 00000002 INTL 20180105)
[    0.000000] No NUMA configuration found
[    0.000000] Faking a node at [mem 0x0000000000000000-0x000000001ffeffff]
[    0.000000] NODE_DATA(0) allocated [mem 0x1ffeb000-0x1ffeffff]
[    0.000000] kvm-clock: Using msrs 4b564d01 and 4b564d00
[    0.000000] kvm-clock: cpu 0, msr 0:1ffe3001, primary cpu clock
[    0.000000] kvm-clock: using sched offset of 3654885973 cycles
[    0.000000] clocksource: kvm-clock: mask: 0xffffffffffffffff max_cycles: 0x1cd42e4dffb, max_idle_ns: 881590591483 ns
[    0.000000] Zone ranges:
[    0.000000]   DMA      [mem 0x0000000000001000-0x0000000000ffffff]
[    0.000000]   DMA32    [mem 0x0000000001000000-0x000000001ffeffff]
[    0.000000]   Normal   empty
[    0.000000]   Device   empty
[    0.000000] Movable zone start for each node
[    0.000000] Early memory node ranges
[    0.000000]   node   0: [mem 0x0000000000001000-0x000000000009efff]
[    0.000000]   node   0: [mem 0x0000000000100000-0x000000001ffeffff]
[    0.000000] Initmem setup node 0 [mem 0x0000000000001000-0x000000001ffeffff]
[    0.000000] ACPI: PM-Timer IO Port: 0x4008
[    0.000000] IOAPIC[0]: apic_id 2, version 32, address 0xfec00000, GSI 0-23
[    0.000000] ACPI: INT_SRC_OVR (bus 0 bus_irq 0 global_irq 2 dfl dfl)
[    0.000000] ACPI: INT_SRC_OVR (bus 0 bus_irq 9 global_irq 9 low level)
[    0.000000] Using ACPI (MADT) for SMP configuration information
[    0.000000] smpboot: Allowing 2 CPUs, 0 hotplug CPUs
[    0.000000] PM: Registered nosave memory: [mem 0x00000000-0x00000fff]
[    0.000000] PM: Registered nosave memory: [mem 0x0009f000-0x0009ffff]
[    0.000000] PM: Registered nosave memory: [mem 0x000a0000-0x000effff]
[    0.000000] PM: Registered nosave memory: [mem 0x000f0000-0x000fffff]
[    0.000000] e820: [mem 0x20000000-0xfebfffff] available for PCI devices
[    0.000000] Booting paravirtualized kernel on KVM
[    0.000000] clocksource: refined-jiffies: mask: 0xffffffff max_cycles: 0xffffffff, max_idle_ns: 7645519600211568 ns
[    0.000000] setup_percpu: NR_CPUS:512 nr_cpumask_bits:512 nr_cpu_ids:2 nr_node_ids:1
[    0.000000] PERCPU: Embedded 34 pages/cpu @ffff88001fc00000 s99480 r8192 d31592 u1048576
[    0.000000] Built 1 zonelists in Node order, mobility grouping on.  Total pages: 128888
[    0.000000] Policy zone: DMA32
[    0.000000] Kernel command line: BOOT_IMAGE=/boot/vmlinuz-4.4.0-146-generic root=LABEL=cloudimg-rootfs ro console=tty1 console=ttyS0
[    0.000000] PID hash table entries: 2048 (order: 2, 16384 bytes)
[    0.000000] Memory: 481656K/523832K available (8609K kernel code, 1334K rwdata, 4028K rodata, 1484K init, 1284K bss, 42176K reserved, 0K cma-reserved)
[    0.000000] SLUB: HWalign=64, Order=0-3, MinObjects=0, CPUs=2, Nodes=1
[    0.000000] Hierarchical RCU implementation.
[    0.000000] 	Build-time adjustment of leaf fanout to 64.
[    0.000000] 	RCU restricting CPUs from NR_CPUS=512 to nr_cpu_ids=2.
[    0.000000] RCU: Adjusting geometry for rcu_fanout_leaf=64, nr_cpu_ids=2
[    0.000000] NR_IRQS:33024 nr_irqs:440 16
[    0.000000] Console: colour VGA+ 80x25
[    0.000000] console [tty1] enabled
[    0.000000] console [ttyS0] enabled
[    0.000000] tsc: Detected 3194.232 MHz processor
[    0.166581] Calibrating delay loop (skipped) preset value.. 6388.46 BogoMIPS (lpj=12776928)
[    0.168610] pid_max: default: 32768 minimum: 301
[    0.169690] ACPI: Core revision 20150930
[    0.171657] ACPI: 2 ACPI AML tables successfully acquired and loaded
[    0.173199] Security Framework initialized
[    0.174193] Yama: becoming mindful.
[    0.175177] AppArmor: AppArmor initialized
[    0.176337] Dentry cache hash table entries: 65536 (order: 7, 524288 bytes)
[    0.177969] Inode-cache hash table entries: 32768 (order: 6, 262144 bytes)
[    0.179467] Mount-cache hash table entries: 1024 (order: 1, 8192 bytes)
[    0.180872] Mountpoint-cache hash table entries: 1024 (order: 1, 8192 bytes)
[    0.182601] Initializing cgroup subsys io
[    0.183584] Initializing cgroup subsys memory
[    0.184675] Initializing cgroup subsys devices
[    0.185747] Initializing cgroup subsys freezer
[    0.187097] Initializing cgroup subsys net_cls
[    0.188388] Initializing cgroup subsys perf_event
[    0.189639] Initializing cgroup subsys net_prio
[    0.190782] Initializing cgroup subsys hugetlb
[    0.192053] Initializing cgroup subsys pids
[    0.193478] mce: CPU supports 0 MCE banks
[    0.194837] Last level iTLB entries: 4KB 512, 2MB 1024, 4MB 512
[    0.196371] Last level dTLB entries: 4KB 1024, 2MB 1024, 4MB 512, 1GB 0
[    0.198028] Spectre V2 : Spectre mitigation: LFENCE not serializing. Switching to generic retpoline
[    0.200343] Spectre V2 : Mitigation: Full generic retpoline
[    0.201866] Spectre V2 : Spectre v2 / SpectreRSB mitigation: Filling RSB on context switch
[    0.203872] Speculative Store Bypass: Mitigation: Speculative Store Bypass disabled via prctl and seccomp
[    0.209236] Freeing SMP alternatives memory: 36K
[    0.218864] ftrace: allocating 32287 entries in 127 pages
[    0.287919] smpboot: APIC(0) Converting physical 0 to logical package 0
[    0.289595] smpboot: Max logical packages: 1
[    0.291042] x2apic enabled
[    0.292327] Switched APIC routing to physical x2apic.
[    0.295336] ..TIMER: vector=0x30 apic1=0 pin1=2 apic2=-1 pin2=-1
[    0.401657] smpboot: CPU0: AMD Athlon(tm) X4 740 Quad Core Processor (family: 0x15, model: 0x10, stepping: 0x1)
[    0.404439] Performance Events: Broken PMU hardware detected, using software events only.
[    0.406654] Failed to access perfctr msr (MSR c0010007 is 0)
[    0.420211] KVM setup paravirtual spinlock
[    0.422612] x86: Booting SMP configuration:
[    0.423927] .... node  #0, CPUs:      #1
[    0.425109] kvm-clock: cpu 1, msr 0:1ffe3041, secondary cpu clock
[    0.435490] mce: CPU supports 0 MCE banks
[    0.438305] x86: Booted up 1 node, 2 CPUs
[    0.440117] smpboot: Total of 2 processors activated (12776.92 BogoMIPS)
[    0.443241] devtmpfs: initialized
[    0.447134] evm: security.selinux
[    0.454160] evm: security.SMACK64
[    0.455319] evm: security.SMACK64EXEC
[    0.456310] evm: security.SMACK64TRANSMUTE
[    0.457495] evm: security.SMACK64MMAP
[    0.458452] evm: security.ima
[    0.459296] evm: security.capability
[    0.460530] clocksource: jiffies: mask: 0xffffffff max_cycles: 0xffffffff, max_idle_ns: 7645041785100000 ns
[    0.464191] futex hash table entries: 512 (order: 3, 32768 bytes)
[    0.465963] pinctrl core: initialized pinctrl subsystem
[    0.467336] RTC time: 22:19:46, date: 04/28/19
[    0.469414] NET: Registered protocol family 16
[    0.483904] cpuidle: using governor ladder
[    0.502307] cpuidle: using governor menu
[    0.503655] PCCT header not found.
[    0.505184] ACPI: bus type PCI registered
[    0.506512] acpiphp: ACPI Hot Plug PCI Controller Driver version: 0.5
[    0.508432] PCI: Using configuration type 1 for base access
[    0.510395] PCI: Using configuration type 1 for extended access
[    0.525520] ACPI: Added _OSI(Module Device)
[    0.526669] ACPI: Added _OSI(Processor Device)
[    0.528155] ACPI: Added _OSI(3.0 _SCP Extensions)
[    0.529866] ACPI: Added _OSI(Processor Aggregator Device)
[    0.532533] ACPI: Executed 1 blocks of module-level executable AML code
[    0.538393] ACPI: Interpreter enabled
[    0.539508] ACPI: (supports S0 S5)
[    0.540504] ACPI: Using IOAPIC for interrupt routing
[    0.542109] PCI: Using host bridge windows from ACPI; if necessary, use "pci=nocrs" and report a bug
[    0.548769] ACPI: PCI Root Bridge [PCI0] (domain 0000 [bus 00-ff])
[    0.550096] acpi PNP0A03:00: _OSC: OS supports [ExtendedConfig ASPM ClockPM Segments MSI]
[    0.552962] acpi PNP0A03:00: _OSC: platform does not support [PCIeCapability]
[    0.554976] acpi PNP0A03:00: _OSC: not requesting control; platform does not support [PCIeCapability]
[    0.557268] acpi PNP0A03:00: _OSC: OS requested [PCIeHotplug PME AER PCIeCapability]
[    0.559728] acpi PNP0A03:00: _OSC: platform willing to grant [PCIeHotplug PME AER]
[    0.562351] acpi PNP0A03:00: _OSC failed (AE_SUPPORT); disabling ASPM
[    0.564540] PCI host bridge to bus 0000:00
[    0.566219] pci_bus 0000:00: root bus resource [io  0x0000-0x0cf7 window]
[    0.568427] pci_bus 0000:00: root bus resource [io  0x0d00-0xffff window]
[    0.570078] pci_bus 0000:00: root bus resource [mem 0x000a0000-0x000bffff window]
[    0.586587] pci_bus 0000:00: root bus resource [mem 0x20000000-0xfdffffff window]
[    0.588615] pci_bus 0000:00: root bus resource [bus 00-ff]
[    0.591667] pci 0000:00:01.1: legacy IDE quirk: reg 0x10: [io  0x01f0-0x01f7]
[    0.593248] pci 0000:00:01.1: legacy IDE quirk: reg 0x14: [io  0x03f6]
[    0.594782] pci 0000:00:01.1: legacy IDE quirk: reg 0x18: [io  0x0170-0x0177]
[    0.596471] pci 0000:00:01.1: legacy IDE quirk: reg 0x1c: [io  0x0376]
[    0.624772] pci 0000:00:07.0: quirk: [io  0x4000-0x403f] claimed by PIIX4 ACPI
[    0.627591] pci 0000:00:07.0: quirk: [io  0x4100-0x410f] claimed by PIIX4 SMB
[    0.648923] ACPI: PCI Interrupt Link [LNKA] (IRQs 5 9 10 *11)
[    0.652534] ACPI: PCI Interrupt Link [LNKB] (IRQs 5 9 *10 11)
[    0.654647] ACPI: PCI Interrupt Link [LNKC] (IRQs 5 *9 10 11)
[    0.656774] ACPI: PCI Interrupt Link [LNKD] (IRQs 5 9 10 *11)
[    0.658938] ACPI: Enabled 2 GPEs in block 00 to 07
[    0.660924] vgaarb: setting as boot device: PCI:0000:00:02.0
[    0.662146] vgaarb: device added: PCI:0000:00:02.0,decodes=io+mem,owns=io+mem,locks=none
[    0.664010] vgaarb: loaded
[    0.664771] vgaarb: bridge control possible 0000:00:02.0
[    0.666265] SCSI subsystem initialized
[    0.667416] ACPI: bus type USB registered
[    0.668409] usbcore: registered new interface driver usbfs
[    0.669592] usbcore: registered new interface driver hub
[    0.670784] usbcore: registered new device driver usb
[    0.672295] PCI: Using ACPI for IRQ routing
[    0.673583] NetLabel: Initializing
[    0.674459] NetLabel:  domain hash size = 128
[    0.675558] NetLabel:  protocols = UNLABELED CIPSOv4
[    0.677267] NetLabel:  unlabeled traffic allowed by default
[    0.678720] amd_nb: Cannot enumerate AMD northbridges
[    0.679948] clocksource: Switched to clocksource kvm-clock
[    0.691220] AppArmor: AppArmor Filesystem Enabled
[    0.692547] pnp: PnP ACPI init
[    0.694233] pnp: PnP ACPI: found 3 devices
[    0.707001] clocksource: acpi_pm: mask: 0xffffff max_cycles: 0xffffff, max_idle_ns: 2085701024 ns
[    0.710395] NET: Registered protocol family 2
[    0.712198] TCP established hash table entries: 4096 (order: 3, 32768 bytes)
[    0.714376] TCP bind hash table entries: 4096 (order: 4, 65536 bytes)
[    0.716335] TCP: Hash tables configured (established 4096 bind 4096)
[    0.718228] UDP hash table entries: 256 (order: 1, 8192 bytes)
[    0.720013] UDP-Lite hash table entries: 256 (order: 1, 8192 bytes)
[    0.721661] NET: Registered protocol family 1
[    0.723055] pci 0000:00:00.0: Limiting direct PCI/PCI transfers
[    0.724692] pci 0000:00:01.0: Activating ISA DMA hang workarounds
[    0.726500] Unpacking initramfs...
[    0.999406] Freeing initrd memory: 14824K
[    1.001653] platform rtc_cmos: registered platform RTC device (no PNP device found)
[    1.005489] Scanning for low memory corruption every 60 seconds
[    1.008044] audit: initializing netlink subsys (disabled)
[    1.009602] audit: type=2000 audit(1556489991.491:1): initialized
[    1.011637] Initialise system trusted keyring
[    1.013928] HugeTLB registered 2 MB page size, pre-allocated 0 pages
[    1.019333] zbud: loaded
[    1.021192] VFS: Disk quotas dquot_6.6.0
[    1.022237] VFS: Dquot-cache hash table entries: 512 (order 0, 4096 bytes)
[    1.024795] squashfs: version 4.0 (2009/01/31) Phillip Lougher
[    1.027510] fuse init (API version 7.23)
[    1.029769] Key type big_key registered
[    1.031345] Allocating IMA MOK and blacklist keyrings.
[    1.034920] Key type asymmetric registered
[    1.036506] Asymmetric key parser 'x509' registered
[    1.038462] Block layer SCSI generic (bsg) driver version 0.4 loaded (major 249)
[    1.041556] io scheduler noop registered
[    1.043923] io scheduler deadline registered (default)
[    1.045620] io scheduler cfq registered
[    1.047064] pci_hotplug: PCI Hot Plug PCI Core version: 0.5
[    1.048687] pciehp: PCI Express Hot Plug Controller Driver version: 0.4
[    1.050697] ACPI: AC Adapter [AC] (on-line)
[    1.052128] input: Power Button as /devices/LNXSYSTM:00/LNXPWRBN:00/input/input0
[    1.054060] ACPI: Power Button [PWRF]
[    1.055306] input: Sleep Button as /devices/LNXSYSTM:00/LNXSLPBN:00/input/input1
[    1.057312] ACPI: Sleep Button [SLPF]
[    1.058669] GHES: HEST is not enabled!
[    1.060076] Serial: 8250/16550 driver, 32 ports, IRQ sharing enabled
[    1.082345] 00:02: ttyS0 at I/O 0x3f8 (irq = 4, base_baud = 115200) is a 16550A
[    1.088158] Linux agpgart interface v0.103
[    1.091635] loop: module loaded
[    1.093413] scsi host0: ata_piix
[    1.094548] scsi host1: ata_piix
[    1.096229] ata1: PATA max UDMA/33 cmd 0x1f0 ctl 0x3f6 bmdma 0xd000 irq 14
[    1.098096] ata2: PATA max UDMA/33 cmd 0x170 ctl 0x376 bmdma 0xd008 irq 15
[    1.100437] libphy: Fixed MDIO Bus: probed
[    1.102290] tun: Universal TUN/TAP device driver, 1.6
[    1.103993] tun: (C) 1999-2004 Max Krasnyansky <maxk@qualcomm.com>
[    1.105710] PPP generic driver version 2.4.2
[    1.106901] ehci_hcd: USB 2.0 'Enhanced' Host Controller (EHCI) Driver
[    1.108323] ehci-pci: EHCI PCI platform driver
[    1.109390] ehci-platform: EHCI generic platform driver
[    1.110589] ohci_hcd: USB 1.1 'Open' Host Controller (OHCI) Driver
[    1.112420] ohci-pci: OHCI PCI platform driver
[    1.113517] ohci-platform: OHCI generic platform driver
[    1.114676] uhci_hcd: USB Universal Host Controller Interface driver
[    1.116250] i8042: PNP: PS/2 Controller [PNP0303:PS2K,PNP0f03:PS2M] at 0x60,0x64 irq 1,12
[    1.119560] serio: i8042 KBD port at 0x60,0x64 irq 1
[    1.120875] serio: i8042 AUX port at 0x60,0x64 irq 12
[    1.122329] mousedev: PS/2 mouse device common for all mice
[    1.124040] input: AT Translated Set 2 keyboard as /devices/platform/i8042/serio0/input/input2
[    1.126980] rtc_cmos rtc_cmos: rtc core: registered rtc_cmos as rtc0
[    1.128678] rtc_cmos rtc_cmos: alarms up to one day, 114 bytes nvram
[    1.130113] i2c /dev entries driver
[    1.131337] device-mapper: uevent: version 1.0.3
[    1.132943] device-mapper: ioctl: 4.34.0-ioctl (2015-10-28) initialised: dm-devel@redhat.com
[    1.135090] ledtrig-cpu: registered to indicate activity on CPUs
[    1.137125] NET: Registered protocol family 10
[    1.138550] NET: Registered protocol family 17
[    1.139619] Key type dns_resolver registered
[    1.141557] registered taskstats version 1
[    1.142804] Loading compiled-in X.509 certificates
[    1.145843] Loaded X.509 cert 'Build time autogenerated kernel key: 4dcb2dc2c7cf43e0c20c44384f68683c20294489'
[    1.148815] zswap: loaded using pool lzo/zbud
[    1.154791] Key type trusted registered
[    1.168256] Key type encrypted registered
[    1.171124] AppArmor: AppArmor sha1 policy hashing enabled
[    1.172869] ima: No TPM chip found, activating TPM-bypass!
[    1.174502] ima: Allocated hash algorithm: sha1
[    1.176504] evm: HMAC attrs: 0x1
[    1.177936]   Magic number: 15:697:351
[    1.179195] rtc_cmos rtc_cmos: setting system clock to 2019-04-28 22:19:46 UTC (1556489986)
[    1.187201] BIOS EDD facility v0.16 2004-Jun-25, 0 devices found
[    1.188781] EDD information not available.
[    1.258987] Freeing unused kernel memory: 1484K
[    1.260961] Write protecting the kernel read-only data: 14336k
[    1.265248] Freeing unused kernel memory: 1620K
[    1.267449] Freeing unused kernel memory: 68K
Loading, please wait...
starting version 229
[    1.296975] random: systemd-udevd: uninitialized urandom read (16 bytes read, 2 bits of entropy available)
[    1.299274] random: udevadm: uninitialized urandom read (16 bytes read, 2 bits of entropy available)
[    1.299331] random: udevadm: uninitialized urandom read (16 bytes read, 2 bits of entropy available)
[    1.312795] random: systemd-udevd: uninitialized urandom read (16 bytes read, 2 bits of entropy available)
[    1.318029] random: systemd-udevd: uninitialized urandom read (16 bytes read, 2 bits of entropy available)
[    1.321842] random: systemd-udevd: uninitialized urandom read (16 bytes read, 2 bits of entropy available)
[    1.322303] random: udevadm: uninitialized urandom read (16 bytes read, 2 bits of entropy available)
[    1.322376] random: udevadm: uninitialized urandom read (16 bytes read, 2 bits of entropy available)
[    1.322612] random: udevadm: uninitialized urandom read (16 bytes read, 2 bits of entropy available)
[    1.322698] random: udevadm: uninitialized urandom read (16 bytes read, 2 bits of entropy available)
[    1.398988] e1000: Intel(R) PRO/1000 Network Driver - version 7.3.21-k8-NAPI
[    1.401310] e1000: Copyright (c) 1999-2006 Intel Corporation.
[    1.406491] Fusion MPT base driver 3.04.20
[    1.409967] Copyright (c) 1999-2008 LSI Corporation
[    1.428675] Fusion MPT SPI Host driver 3.04.20
[    1.457470] AVX version of gcm_enc/dec engaged.
[    1.459235] AES CTR mode by8 optimization enabled
[    1.646296] input: ImExPS/2 Generic Explorer Mouse as /devices/platform/i8042/serio1/input/input4
[    1.789493] e1000 0000:00:03.0 eth0: (PCI:33MHz:32-bit) 02:26:7f:6e:ca:81
[    1.791383] e1000 0000:00:03.0 eth0: Intel(R) PRO/1000 Network Connection
[    2.335647] clocksource: tsc: mask: 0xffffffffffffffff max_cycles: 0x2e0b01471f9, max_idle_ns: 440795231009 ns
[    2.362739] e1000 0000:00:08.0 eth1: (PCI:33MHz:32-bit) 08:00:27:d1:be:be
[    2.364365] e1000 0000:00:08.0 eth1: Intel(R) PRO/1000 Network Connection
[    2.368643] e1000 0000:00:08.0 enp0s8: renamed from eth1
[    2.370219] mptbase: ioc0: Initiating bringup
[    2.376445] e1000 0000:00:03.0 enp0s3: renamed from eth0
[    2.438749] ioc0: LSI53C1030 A0: Capabilities={Initiator}
[    3.191632] scsi host2: ioc0: LSI53C1030 A0, FwRev=00000000h, Ports=1, MaxQ=256, IRQ=20
[    3.339571] scsi 2:0:0:0: Direct-Access     VBOX     HARDDISK         1.0  PQ: 0 ANSI: 5
[    3.360316] scsi target2:0:0: Beginning Domain Validation
[    3.365031] scsi target2:0:0: Domain Validation skipping write tests
[    3.367425] scsi target2:0:0: Ending Domain Validation
[    3.369480] scsi target2:0:0: asynchronous
[    3.371818] scsi 2:0:1:0: Direct-Access     VBOX     HARDDISK         1.0  PQ: 0 ANSI: 5
[    3.374611] scsi target2:0:1: Beginning Domain Validation
[    3.377570] scsi target2:0:1: Domain Validation skipping write tests
[    3.379281] scsi target2:0:1: Ending Domain Validation
[    3.380971] scsi target2:0:1: asynchronous
[    3.389583] sd 2:0:0:0: Attached scsi generic sg0 type 0
[    3.391080] sd 2:0:0:0: [sda] 20971520 512-byte logical blocks: (10.7 GB/10.0 GiB)
[    3.391449] sd 2:0:1:0: [sdb] 20480 512-byte logical blocks: (10.5 MB/10.0 MiB)
[    3.391654] sd 2:0:1:0: [sdb] Write Protect is off
[    3.391815] sd 2:0:1:0: [sdb] Incomplete mode parameter data
[    3.391817] sd 2:0:1:0: [sdb] Assuming drive cache: write through
[    3.396366] sd 2:0:1:0: Attached scsi generic sg1 type 0
[    3.404983] sd 2:0:0:0: [sda] Write Protect is off
[    3.406481] sd 2:0:0:0: [sda] Incomplete mode parameter data
[    3.407863] sd 2:0:0:0: [sda] Assuming drive cache: write through
[    3.454055]  sda: sda1
[    3.456362] sd 2:0:0:0: [sda] Attached SCSI disk
[    3.486737] sd 2:0:1:0: [sdb] Attached SCSI disk
Begin: Loading essential drivers ... [    5.329430] md: linear personality registered for level -1
[    5.335900] md: multipath personality registered for level -4
[    5.342023] md: raid0 personality registered for level 0
[    5.352253] md: raid1 personality registered for level 1
[    5.431999] raid6: sse2x1   gen()  5019 MB/s
[    5.500015] raid6: sse2x1   xor()  3790 MB/s
[    5.568110] raid6: sse2x2   gen()  7884 MB/s
[    5.635980] raid6: sse2x2   xor()  5539 MB/s
[    5.704076] raid6: sse2x4   gen() 10645 MB/s
[    5.772050] raid6: sse2x4   xor()  5205 MB/s
[    5.773220] raid6: using algorithm sse2x4 gen() 10645 MB/s
[    5.774442] raid6: .... xor() 5205 MB/s, rmw enabled
[    5.775743] raid6: using ssse3x2 recovery algorithm
[    5.778571] xor: automatically using best checksumming function:
[    5.819982]    avx       :  3742.000 MB/sec
[    5.822621] async_tx: api initialized (async)
[    5.841778] md: raid6 personality registered for level 6
[    5.843182] md: raid5 personality registered for level 5
[    5.844626] md: raid4 personality registered for level 4
[    5.857857] md: raid10 personality registered for level 10
done.
Begin: Running /scripts/init-premount ... done.
Begin: Mounting root file system ... Begin: Running /scripts/local-top ... done.
Begin: Running /scripts/local-premount ... [    5.911174] Btrfs loaded
Scanning for Btrfs filesystems
done.
Warning: fsck not present, so skipping root file system
[    6.041796] EXT4-fs (sda1): mounted filesystem with ordered data mode. Opts: (null)
done.
Begin: Running /scripts/local-bottom ... done.
Begin: Running /scripts/init-bottom ... done.
[    6.617967] systemd[1]: systemd 229 running in system mode. (+PAM +AUDIT +SELINUX +IMA +APPARMOR +SMACK +SYSVINIT +UTMP +LIBCRYPTSETUP +GCRYPT +GNUTLS +ACL +XZ -LZ4 +SECCOMP +BLKID +ELFUTILS +KMOD -IDN)
[    6.623393] systemd[1]: Detected virtualization oracle.
[    6.624818] systemd[1]: Detected architecture x86-64.

Welcome to [1mUbuntu 16.04.6 LTS[0m!

[    6.663935] systemd[1]: Set hostname to <ubuntu>.
[    6.678810] systemd[1]: Initializing machine ID from random generator.
[    6.681530] systemd[1]: Installed transient /etc/machine-id file.
[    7.405330] random: nonblocking pool is initialized
[    7.980149] systemd[1]: Started Forward Password Requests to Wall Directory Watch.
[[0;32m  OK  [0m] Started Forward Password Requests to Wall Directory Watch.
[    7.985095] systemd[1]: Created slice User and Session Slice.
[[0;32m  OK  [0m] Created slice User and Session Slice.
[    7.988163] systemd[1]: Set up automount Arbitrary Executable File Formats File System Automount Point.
[[0;32m  OK  [0m] Set up automount Arbitrary Executab...ats File System Automount Point.
[    7.992192] systemd[1]: Reached target System Time Synchronized.
[[0;32m  OK  [0m] Reached target System Time Synchronized.
[    7.995469] systemd[1]: Listening on udev Control Socket.
[[0;32m  OK  [0m] Listening on udev Control Socket.
[    7.997596] systemd[1]: Reached target User and Group Name Lookups.
[[0;32m  OK  [0m] Reached target User and Group Name Lookups.
[    7.999916] systemd[1]: Reached target Swap.
[[0;32m  OK  [0m] Reached target Swap.
[    8.001709] systemd[1]: Listening on LVM2 metadata daemon socket.
[[0;32m  OK  [0m] Listening on LVM2 metadata daemon socket.
[    8.004045] systemd[1]: Listening on udev Kernel Socket.
[[0;32m  OK  [0m] Listening on udev Kernel Socket.
[    8.006085] systemd[1]: Reached target Encrypted Volumes.
[[0;32m  OK  [0m] Reached target Encrypted Volumes.
[    8.008403] systemd[1]: Listening on Journal Audit Socket.
[[0;32m  OK  [0m] Listening on Journal Audit Socket.
[    8.010655] systemd[1]: Listening on Device-mapper event daemon FIFOs.
[[0;32m  OK  [0m] Listening on Device-mapper event daemon FIFOs.
[    8.013227] systemd[1]: Listening on Journal Socket (/dev/log).
[[0;32m  OK  [0m] Listening on Journal Socket (/dev/log).
[    8.015566] systemd[1]: Listening on /dev/initctl Compatibility Named Pipe.
[[0;32m  OK  [0m] Listening on /dev/initctl Compatibility Named Pipe.
[    8.018626] systemd[1]: Created slice System Slice.
[[0;32m  OK  [0m] Created slice System Slice.
[    8.021064] systemd[1]: Reached target Slices.
[[0;32m  OK  [0m] Reached target Slices.
[    8.023789] systemd[1]: Created slice system-serial\x2dgetty.slice.
[[0;32m  OK  [0m] Created slice system-serial\x2dgetty.slice.
[    8.026460] systemd[1]: Listening on Journal Socket.
[[0;32m  OK  [0m] Listening on Journal Socket.
[    8.044276] systemd[1]: Starting Nameserver information manager...
         Starting Nameserver information manager...
[    8.051332] systemd[1]: Mounting Debug File System...
         Mounting Debug File System...
[    8.057927] systemd[1]: Starting Uncomplicated firewall...
         Starting Uncomplicated firewall...
[    8.096431] systemd[1]: Mounting Huge Pages File System...
         Mounting Huge Pages File System...
[    8.104508] systemd[1]: Starting Set console keymap...
         Starting Set console keymap...
[    8.108507] systemd[1]: Starting Create list of required static device nodes for the current kernel...
         Starting Create list of required st... nodes for the current kernel...
[    8.114255] systemd[1]: Starting Monitoring of LVM2 mirrors, snapshots etc. using dmeventd or progress polling...
         Starting Monitoring of LVM2 mirrors... dmeventd or progress polling...
[    8.118454] systemd[1]: Listening on Syslog Socket.
[[0;32m  OK  [0m] Listening on Syslog Socket.
[    8.122278] systemd[1]: Starting Journal Service...
         Starting Journal Service...
[    8.152268] systemd[1]: Mounting POSIX Message Queue File System...
         Mounting POSIX Message Queue File System...
[    8.158247] systemd[1]: Listening on LVM2 poll daemon socket.
[[0;32m  OK  [0m] Listening on LVM2 poll daemon socket.
[    8.164575] systemd[1]: Starting Remount Root and Kernel File Systems...
         Starting Remount Root and Kernel File Systems...
[    8.188723] EXT4-fs (sda1): re-mounted. Opts: (null)
[    8.208374] systemd[1]: Starting Load Kernel Modules...
         Starting Load Kernel Modules...
[    8.219029] systemd[1]: Started Trigger resolvconf update for networkd DNS.
[[0;32m  OK  [0m] Started Trigger resolvconf update for networkd DNS.
[    8.235561] systemd[1]: Mounted Debug File System.
[[0;32m  OK  [0m] Mounted Debug File System.
[    8.240079] systemd[1]: Mounted Huge Pages File System.
[[0;32m  OK  [0m] Mounted Huge Pages File System.
[    8.242930] systemd[1]: Mounted POSIX Message Queue File System.
[[0;32m  OK  [0m] Mounted POSIX Message Queue File System.
[    8.248528] systemd[1]: Started Uncomplicated firewall.
[[0;32m  OK  [0m] Started Uncomplicated firewall.
[    8.258970] systemd[1]: Started Create list of required static device nodes for the current kernel.
[[0;32m  OK  [0m] Started Create list of required sta...ce nodes for the current kernel.
[    8.283766] systemd[1]: Started Remount Root and Kernel File Systems.
[[0;32m  OK  [0m] Started Remount Root and Kernel File Systems.
[    8.300551] systemd[1]: Started Nameserver information manager.
[[0;32m  OK  [0m] Started Nameserver information manager.
[    8.305323] systemd[1]: Started Set console keymap.
[[0;32m  OK  [0m] Started Set console keymap.
[    8.309124] Loading iSCSI transport class v2.0-870.
[    8.384496] systemd[1]: Starting Load/Save Random Seed...
         Starting Load/Save Random Seed...
[    8.404688] iscsi: registered transport (tcp)
[    8.414391] systemd[1]: Starting udev Coldplug all Devices...
         Starting udev Coldplug all Devices...
[    8.421692] systemd[1]: Starting Create Static Device Nodes in /dev...
         Starting Create Static Device Nodes in /dev...
[    8.426741] systemd[1]: Started Journal Service.
[[0;32m  OK  [0m] Started Journal Service.
         Starting Flush Journal to Persistent Storage...
[[0;32m  OK  [0m] Started Load/Save Random Seed.
[    8.519697] systemd-journald[404]: Received request to flush runtime journal from PID 1
[[0;32m  OK  [0m] Started Flush Journal to Persistent Storage.
[[0;32m  OK  [0m] Started udev Coldplug all Devices.
[    8.629830] iscsi: registered transport (iser)
[[0;32m  OK  [0m] Started Load Kernel Modules.
         Starting Apply Kernel Variables...
         Mounting FUSE Control File System...
[[0;32m  OK  [0m] Mounted FUSE Control File System.
[[0;32m  OK  [0m] Started Apply Kernel Variables.
[[0;32m  OK  [0m] Started LVM2 metadata daemon.
[[0;32m  OK  [0m] Started Create Static Device Nodes in /dev.
         Starting udev Kernel Device Manager...
[[0;32m  OK  [0m] Started Monitoring of LVM2 mirrors,...ng dmeventd or progress polling.
[[0;32m  OK  [0m] Reached target Local File Systems (Pre).
[[0;32m  OK  [0m] Reached target Local File Systems.
         Starting LSB: AppArmor initialization...
         Starting Tell Plymouth To Write Out Runtime Data...
         Starting Create Volatile Files and Directories...
         Starting Set console font and keymap...
         Starting Initial cloud-init job (pre-networking)...
         Starting Commit a transient machine-id on disk...
[[0;32m  OK  [0m] Started Tell Plymouth To Write Out Runtime Data.
[[0;32m  OK  [0m] Started Commit a transient machine-id on disk.
[[0;32m  OK  [0m] Started Create Volatile Files and Directories.
         Starting Update UTMP about System Boot/Shutdown...
[[0;32m  OK  [0m] Started Update UTMP about System Boot/Shutdown.
[[0;32m  OK  [0m] Started udev Kernel Device Manager.
[[0;32m  OK  [0m] Started Dispatch Password Requests to Console Directory Watch.
[[0;32m  OK  [0m] Found device /dev/ttyS0.
[[0;32m  OK  [0m] Started Set console font and keymap.
[[0;32m  OK  [0m] Created slice system-getty.slice.
[[0;32m  OK  [0m] Listening on Load/Save RF Kill Switch Status /dev/rfkill Watch.
[[0;32m  OK  [0m] Started LSB: AppArmor initialization.
[   14.446166] cloud-init[495]: Cloud-init v. 18.5-45-g3554ffe8-0ubuntu1~16.04.1 running 'init-local' at Sun, 28 Apr 2019 22:19:59 +0000. Up 13.77 seconds.
[[0;32m  OK  [0m] Started Initial cloud-init job (pre-networking).
[[0;32m  OK  [0m] Reached target Network (Pre).
         Starting Raise network interfaces...
[[0;32m  OK  [0m] Started Raise network interfaces.
         Starting Initial cloud-init job (metadata service crawler)...
[[0;32m  OK  [0m] Reached target Network.
[   17.474641] cloud-init[975]: Cloud-init v. 18.5-45-g3554ffe8-0ubuntu1~16.04.1 running 'init' at Sun, 28 Apr 2019 22:20:01 +0000. Up 15.40 seconds.
[   17.476971] cloud-init[975]: ci-info: ++++++++++++++++++++++++++++++++++++++Net device info+++++++++++++++++++++++++++++++++++++++
[   17.479447] cloud-init[975]: ci-info: +--------+-------+----------------------------+---------------+--------+-------------------+
[   17.481208] cloud-init[975]: ci-info: | Device |   Up  |          Address           |      Mask     | Scope  |     Hw-Address    |
[   17.483228] cloud-init[975]: ci-info: +--------+-------+----------------------------+---------------+--------+-------------------+
[   17.485209] cloud-init[975]: ci-info: | enp0s3 |  True |         10.0.2.15          | 255.255.255.0 | global | 02:26:7f:6e:ca:81 |
[   17.487869] cloud-init[975]: ci-info: | enp0s3 |  True | fe80::26:7fff:fe6e:ca81/64 |       .       |  link  | 02:26:7f:6e:ca:81 |
[   17.489720] cloud-init[975]: ci-info: | enp0s8 | False |             .              |       .       |   .    | 08:00:27:d1:be:be |
[   17.491452] cloud-init[975]: ci-info: |   lo   |  True |         127.0.0.1          |   255.0.0.0   |  host  |         .         |
[   17.493532] cloud-init[975]: ci-info: |   lo   |  True |          ::1/128           |       .       |  host  |         .         |
[   17.495754] cloud-init[975]: ci-info: +--------+-------+----------------------------+---------------+--------+-------------------+
[   17.508671] cloud-init[975]: ci-info: +++++++++++++++++++++++++++Route IPv4 info++++++++++++++++++++++++++++
[   17.510512] cloud-init[975]: ci-info: +-------+-------------+----------+---------------+-----------+-------+
[   17.512677] cloud-init[975]: ci-info: | Route | Destination | Gateway  |    Genmask    | Interface | Flags |
[   17.514746] cloud-init[975]: ci-info: +-------+-------------+----------+---------------+-----------+-------+
[   17.516829] cloud-init[975]: ci-info: |   0   |   0.0.0.0   | 10.0.2.2 |    0.0.0.0    |   enp0s3  |   UG  |
[   17.519178] cloud-init[975]: ci-info: |   1   |   10.0.2.0  | 0.0.0.0  | 255.255.255.0 |   enp0s3  |   U   |
[   17.521552] cloud-init[975]: ci-info: +-------+-------------+----------+---------------+-----------+-------+
[   17.523882] cloud-init[975]: ci-info: +++++++++++++++++++Route IPv6 info+++++++++++++++++++
[   17.525928] cloud-init[975]: ci-info: +-------+-------------+---------+-----------+-------+
[   17.527837] cloud-init[975]: ci-info: | Route | Destination | Gateway | Interface | Flags |
[   17.529832] cloud-init[975]: ci-info: +-------+-------------+---------+-----------+-------+
[   17.532518] cloud-init[975]: ci-info: |   0   |  fe80::/64  |    ::   |   enp0s3  |   U   |
[   17.536003] cloud-init[975]: ci-info: |   3   |   ff00::/8  |    ::   |   enp0s3  |   U   |
[   17.537847] cloud-init[975]: ci-info: +-------+-------------+---------+-----------+-------+
[   17.539812] cloud-init[975]: Generating public/private rsa key pair.
[   17.541605] cloud-init[975]: Your identification has been saved in /etc/ssh/ssh_host_rsa_key.
[   17.543980] cloud-init[975]: Your public key has been saved in /etc/ssh/ssh_host_rsa_key.pub.
[[0;32m  OK  [0m] Started Initial cloud-init job (metadata service crawler).
[   17.557119] cloud-init[975]: The key fingerprint is:
[   17.558116] cloud-init[975]: SHA256:DlCYartSnH8Ms/eksBEI4d+Z+1lBZaXA27fS3q+VzUA root@ubuntu-xenial
[   17.559244] cloud-init[975]: The key's randomart image is:
[   17.560646] [[0;32m  OK  [0m] Reached target System Initialization.
cloud-init[975]: +---[RSA 2048]----+
[   17.562433] [[0;32m  OK  [0m] Listening on D-Bus System Message Bus Socket.
cloud-init[975]: |.    o. .. o..   |
[   17.568501] [[0;32m  OK  [0m] Started ACPI Events Check.
[[0;32m  OK  [0m] Reached target Paths.
cloud-init[975]: |..  o.   .+ .    |
[   17.569955] [[0;32m  OK  [0m] Listening on UUID daemon activation socket.
cloud-init[975]: |.. ..    .o.  E  |
[   17.571417]          Starting Socket activation for snappy daemon.
cloud-init[975]: | .+...o .. . o   |
[   17.572767] cloud-init[975]: | o.+.+. S.  o o  |
[   17.573897] [[0;32m  OK  [0m] Started Daily apt download activities.
cloud-init[975]: |  = o..o  .. o oo|
[   17.575345] [[0;32m  OK  [0m] Started Daily apt upgrade and clean activities.
cloud-init[975]: [[0;32m  OK  [0m] Started Daily Cleanup of Temporary Directories.
[[0;32m  OK  [0m] Listening on ACPID Listen Socket.
| . oo*  o.  o ..+|
[   17.578814] cloud-init[975]: |. . o+=oo    . o |
[   17.579936] cloud-init[975]: | .  .o.+.     ..o|
[   17.581065] cloud-init[975]: +----[SHA256]-----+
[   17.582250] cloud-init[975]: Generating public/private dsa key pair.
[   17.583645] cloud-init[975]: Your identification has been saved in /etc/ssh/ssh_host_dsa_key.
[   17.585180] cloud-init[975]: Your public key has been saved in /etc/ssh/ssh_host_dsa_key.pub.         Starting LXD - unix socket.

[   17.586920] [[0;32m  OK  [0m] Reached target Timers.
cloud-init[975]: The key fingerprint is:
[[0;32m  OK  [0m] Reached target Cloud-config availability.
[[0;32m  OK  [0m] Reached target Network is Online.
[   17.590793] cloud-init[975]: SHA256:Xn31nAqT1Tk/BKtXtYPSiYm5LMRQrauRMZk2n5aCOz0 root@ubuntu-xenial
[   17.591994] cloud-init[975]: The key's randomart image is:
[   17.592996] cloud-init[975]: +---[DSA 1024]----+
[   17.593908] cloud-init[975]: |     ....    .  .|
[   17.594807] cloud-init[975]: |      o  .o + * +|
         Starting iSCSI initiator daemon (iscsid)...
[   17.604580] cloud-init[975]: |      oo.o + * O.|
[[0;32m  OK  [0m] Listening on Socket activation for snappy daemon.
[[0;32m  OK  [0m] Listening on LXD - unix socket.
[   17.608294] cloud-init[975]: |     B... ..= oo*|
[   17.610672] cloud-init[975]: |    o *.So.=...o+|
[   17.612164] cloud-init[975]: |   . + B..  +.. .|
[   17.614150] cloud-init[975]: |    o = .    .   |
[   17.615725] cloud-init[975]: |   o E           |
[[0;32m  OK  [0m] Reached target Sockets.
[   17.617031] [[0;32m  OK  [0m] Reached target Basic System.
cloud-init[975]: |    . .          |
[   17.618589] cloud-init[975]: +----[SHA256]-----+
[   17.619899]          cloud-init[975]: Generating public/private ecdsa key pair.
Starting System Logging Service...
[   17.620592] cloud-init[975]: Your identification has been saved in /etc/ssh/ssh_host_ecdsa_key.
[   17.635275] cloud-init[975]: Your public key has been saved in /etc/ssh/ssh_host_ecdsa_key.pub.
[   17.635466] cloud-init[975]: The key fingerprint is:
[   17.635817] cloud-init[975]: SHA256:pF5HURdQRxVGmHBZaUMeNGa5NHS2FZ/A+cFwsK0EPd4 root@ubuntu-xenial
[   17.636544] cloud-init[975]: The key's randomart image is:
[   17.636943] cloud-init[975]: +---[ECDSA 256]---+
[   17.637591] cloud-init[975]: |          .+*B^^&|
[   17.638107] cloud-init[975]: |           .oXX%O|
[   17.638622] cloud-init[975]: |        . . .o*=*|
[   17.639563] cloud-init[975]: |       o .  ...E |
[   17.640174] cloud-init[975]: |      . S .  .   |
[   17.640378] cloud-init[975]: |     . . .       |
[   17.640887] cloud-init[975]: |      .          |
[   17.641179] cloud-init[975]: |                 |
[   17.641888] cloud-init[975]: |                 |
[   17.642651] cloud-init[975]: +----[SHA256]-----+
[   17.643864] cloud-init[975]: Generating public/private ed25519 key pair.
[   17.644251] cloud-init[975]: Your identification has been saved in /etc/ssh/ssh_host_ed25519_key.
[   17.645346] cloud-init[975]: Your public key has been saved in /etc/ssh/ssh_host_ed25519_key.pub.
[   17.645535] cloud-init[975]: The key fingerprint is:
[   17.646096] cloud-init[975]: SHA256:PnHSyOPL0n+7OQ3nMTaBy8zybeQlB1OuRMH1W+x4Ph0 root@ubuntu-xenial
[   17.646869] cloud-init[975]: The key's randomart image is:
[   17.647685] cloud-init[975]: +--[ED25519 256]--+
[   17.648199] cloud-init[975]: |             ..o.|
[   17.649169] cloud-init[975]: |              o.o|
[   17.650002] cloud-init[975]: |             o o+|
[   17.650185] cloud-init[975]: |       . o  . =o+|
[   17.650402] cloud-init[975]: |        S o+ o.Eo|
[   17.650831] cloud-init[975]: |       o =. * Xo=|
[   17.651247] cloud-init[975]: |       .+  o X Oo|
[   17.651665] cloud-init[975]: |      ...o  +.* .|
[   17.652652] cloud-init[975]: |       .o...+=   |
[   17.652971] cloud-init[975]: +----[SHA256]-----+
         Starting Login Service...
         Starting LXD - container startup/shutdown...
[[0;32m  OK  [0m] Started FUSE filesystem for LXC.
         Starting LSB: Record successful boot for GRUB...
         Starting Virtualbox guest utils...
[[0;32m  OK  [0m] Started D-Bus System Message Bus.
         Starting Accounts Service...
[[0;32m  OK  [0m] Started Deferred execution scheduler.
         Starting /etc/rc.local Compatibility...
[[0;32m  OK  [0m] Started Regular background program processing daemon.
[[0;32m  OK  [0m] Started ACPI event daemon.
         Starting LSB: MD monitoring daemon...
         Starting Pollinate to seed the pseudo random number generator...
         Starting Snappy daemon...
[[0;32m  OK  [0m] Started System Logging Service.
[[0;32m  OK  [0m] Started /etc/rc.local Compatibility.
[[0;32m  OK  [0m] Started Login Service.
[[0;32m  OK  [0m] Started Unattended Upgrades Shutdown.
[[0;32m  OK  [0m] Started iSCSI initiator daemon (iscsid).
         Starting Login to default iSCSI targets...
[[0;32m  OK  [0m] Started LSB: MD monitoring daemon.
[[0;32m  OK  [0m] Started Login to default iSCSI targets.
[[0;32m  OK  [0m] Reached target Remote File Systems (Pre).
[[0;32m  OK  [0m] Reached target Remote File Systems.
         Starting Permit User Sessions...
         Starting LSB: automatic crash report generation...
         Starting LSB: Set the CPU Frequency Scaling governor to "ondemand"...
         Starting LSB: daemon to balance interrupts for SMP systems...
[[0;32m  OK  [0m] Started LSB: Set the CPU Frequency Scaling governor to "ondemand".
[[0;32m  OK  [0m] Started Permit User Sessions.
         Starting Terminate Plymouth Boot Screen...
         Starting Hold until boot process finishes up...
[[0;32m  OK  [0m] Started Hold until boot process finishes up.
[[0;32m  OK  [0m] Started Terminate Plymouth Boot Screen.
[[0;32m  OK  [0m] Started Getty on tty1.
         Starting Set console scheme...
[[0;32m  OK  [0m] Started Serial Getty on ttyS0.
[[0;32m  OK  [0m] Reached target Login Prompts.
[[0;32m  OK  [0m] Started LSB: daemon to balance interrupts for SMP systems.
[[0;32m  OK  [0m] Started LSB: automatic crash report generation.
[[0;32m  OK  [0m] Started Set console scheme.
[[0;32m  OK  [0m] Started Virtualbox guest utils.
[[0;32m  OK  [0m] Started LSB: Record successful boot for GRUB.
         Starting Authenticate and Authorize Users to Run Privileged Tasks...
[[0;32m  OK  [0m] Started Authenticate and Authorize Users to Run Privileged Tasks.
[[0;32m  OK  [0m] Started Accounts Service.
[[0;32m  OK  [0m] Started LXD - container startup/shutdown.
[[0;32m  OK  [0m] Started Snappy daemon.
         Starting Wait until snapd is fully seeded...
[[0;32m  OK  [0m] Started Pollinate to seed the pseudo random number generator.
         Starting OpenBSD Secure Shell server...
[[0;32m  OK  [0m] Started OpenBSD Secure Shell server.
[[0;32m  OK  [0m] Created slice User Slice of vagrant.
         Starting User Manager for UID 1000...
[[0;32m  OK  [0m] Started Session 1 of user vagrant.
[[0;32m  OK  [0m] Started User Manager for UID 1000.
[[0;32m  OK  [0m] Started Wait until snapd is fully seeded.
         Starting Apply the settings specified in cloud-config...
[[0;32m  OK  [0m] Reached target Multi-User System.
[[0;32m  OK  [0m] Reached target Graphical Interface.
         Starting Update UTMP about System Runlevel Changes...
[[0;32m  OK  [0m] Started Update UTMP about System Runlevel Changes.
[   24.691967] cloud-init[1385]: Generating locales (this might take a while)...

Ubuntu 16.04.6 LTS ubuntu-xenial ttyS0

ubuntu-xenial login: [   26.094798] cloud-init[1385]:   en_US.UTF-8... done
[   26.096791] cloud-init[1385]: Generation complete.
[   27.490435] cloud-init[1385]: Cloud-init v. 18.5-45-g3554ffe8-0ubuntu1~16.04.1 running 'modules:config' at Sun, 28 Apr 2019 22:20:09 +0000. Up 24.22 seconds.
ci-info: no authorized ssh keys fingerprints found for user ubuntu.
<14>Apr 28 22:20:13 ec2: 
<14>Apr 28 22:20:13 ec2: #############################################################
<14>Apr 28 22:20:13 ec2: -----BEGIN SSH HOST KEY FINGERPRINTS-----
<14>Apr 28 22:20:13 ec2: 1024 SHA256:Xn31nAqT1Tk/BKtXtYPSiYm5LMRQrauRMZk2n5aCOz0 root@ubuntu-xenial (DSA)
<14>Apr 28 22:20:13 ec2: 256 SHA256:pF5HURdQRxVGmHBZaUMeNGa5NHS2FZ/A+cFwsK0EPd4 root@ubuntu-xenial (ECDSA)
<14>Apr 28 22:20:13 ec2: 256 SHA256:PnHSyOPL0n+7OQ3nMTaBy8zybeQlB1OuRMH1W+x4Ph0 root@ubuntu-xenial (ED25519)
<14>Apr 28 22:20:13 ec2: 2048 SHA256:DlCYartSnH8Ms/eksBEI4d+Z+1lBZaXA27fS3q+VzUA root@ubuntu-xenial (RSA)
<14>Apr 28 22:20:13 ec2: -----END SSH HOST KEY FINGERPRINTS-----
<14>Apr 28 22:20:13 ec2: #############################################################
-----BEGIN SSH HOST KEY KEYS-----
ecdsa-sha2-nistp256 AAAAE2VjZHNhLXNoYTItbmlzdHAyNTYAAAAIbmlzdHAyNTYAAABBBG5VKXUJtGMG04no1C4uS3dK3ImdEe8NRf5EfBUyjejbUyfasRtzpPsrU488R4xurQC70imq887isFslyaYnQcE= root@ubuntu-xenial
ssh-ed25519 AAAAC3NzaC1lZDI1NTE5AAAAIAUmTDMTbeGbejgmq5nGoe5vF6cyO3W/sP1CnQYtsmjp root@ubuntu-xenial
ssh-rsa AAAAB3NzaC1yc2EAAAADAQABAAABAQCv3E3NhY4PFYB1IC8jKjSX5peDJ1HQbp25mgjg4tfeMuo4OBrswuwJ6zCBFY0CUfIYU4uqzbGZzrebTQGydMl6NpckLfhidqDZhRflB1CJlqYJw1CTWrVD1cAltIsu6uFI2XBh8fCOrKRbEBYVRJvQA2wbuxLktlUK0L4un8R49Za6jpYjkbg1RvbkJ7GH13AnXY4qvubzzIDfzvx62+keligtV12F4wnwIu6Iv0vAFPGu8r8pPCSVNmGJ/u3ZQwZwSrryecWQyGrHftqTHghGaq30x4flxc5rQrTpDwkFWRUVl6PescpiNNQyQP79aBp/P41sLLD8MY0+DirejudV root@ubuntu-xenial
-----END SSH HOST KEY KEYS-----
[   28.369990] cloud-init[1565]: Cloud-init v. 18.5-45-g3554ffe8-0ubuntu1~16.04.1 running 'modules:final' at Sun, 28 Apr 2019 22:20:13 +0000. Up 28.08 seconds.
[   28.371149] cloud-init[1565]: ci-info: no authorized ssh keys fingerprints found for user ubuntu.
[   28.371989] cloud-init[1565]: Cloud-init v. 18.5-45-g3554ffe8-0ubuntu1~16.04.1 finished at Sun, 28 Apr 2019 22:20:14 +0000. Datasource DataSourceNoCloud [seed=/dev/sdb][dsmode=net].  Up 28.35 seconds
